MPLINK 4.49, Linker
Linker Map File - Created Wed Nov 22 16:26:13 2023

                                 Section Info
                  Section       Type    Address   Location Size(Bytes)
                ---------  ---------  ---------  ---------  ---------
                   .org_0       code   0x000000    program   0x000000
                   .org_1       code   0x000000    program   0x000108
.config_2007_EXAMEN_C06679.O       code   0x002007    program   0x000002



                              Program Memory Usage 
                               Start         End      
                           ---------   ---------      
                            0x000000    0x000083      
                            0x002007    0x002007      
            133 out of 1094 program addresses used, program memory utilization is 12%



                              Symbols - Sorted by Name
                     Name    Address   Location    Storage File                     
                ---------  ---------  ---------  --------- ---------                
                   CUATRO   0x00004a    program     static C:\Users\Usuario\Desktop\IF4000_ExamenII_AlissonRodríguezMora_C06670\Examen_C06679.asm
               CUATRO_NUM   0x000034    program     static C:\Users\Usuario\Desktop\IF4000_ExamenII_AlissonRodríguezMora_C06670\Examen_C06679.asm
           CUATRO_SEGUNDO   0x00006a    program     static C:\Users\Usuario\Desktop\IF4000_ExamenII_AlissonRodríguezMora_C06670\Examen_C06679.asm
                      DOS   0x000042    program     static C:\Users\Usuario\Desktop\IF4000_ExamenII_AlissonRodríguezMora_C06670\Examen_C06679.asm
                  DOS_NUM   0x000031    program     static C:\Users\Usuario\Desktop\IF4000_ExamenII_AlissonRodríguezMora_C06670\Examen_C06679.asm
              DOS_SEGUNDO   0x000062    program     static C:\Users\Usuario\Desktop\IF4000_ExamenII_AlissonRodríguezMora_C06670\Examen_C06679.asm
                   Inicio   0x000000    program     static C:\Users\Usuario\Desktop\IF4000_ExamenII_AlissonRodríguezMora_C06670\Examen_C06679.asm
               NUEVO_SUMA   0x00007a    program     static C:\Users\Usuario\Desktop\IF4000_ExamenII_AlissonRodríguezMora_C06670\Examen_C06679.asm
                     OCHO   0x000052    program     static C:\Users\Usuario\Desktop\IF4000_ExamenII_AlissonRodríguezMora_C06670\Examen_C06679.asm
                 OCHO_NUM   0x000037    program     static C:\Users\Usuario\Desktop\IF4000_ExamenII_AlissonRodríguezMora_C06670\Examen_C06679.asm
             OCHO_SEGUNDO   0x000072    program     static C:\Users\Usuario\Desktop\IF4000_ExamenII_AlissonRodríguezMora_C06670\Examen_C06679.asm
          PULSADOR_CUATRO   0x000022    program     static C:\Users\Usuario\Desktop\IF4000_ExamenII_AlissonRodríguezMora_C06670\Examen_C06679.asm
             PULSADOR_DOS   0x00001f    program     static C:\Users\Usuario\Desktop\IF4000_ExamenII_AlissonRodríguezMora_C06670\Examen_C06679.asm
       PULSADOR_NUEVO_NUM   0x000028    program     static C:\Users\Usuario\Desktop\IF4000_ExamenII_AlissonRodríguezMora_C06670\Examen_C06679.asm
            PULSADOR_OCHO   0x000025    program     static C:\Users\Usuario\Desktop\IF4000_ExamenII_AlissonRodríguezMora_C06670\Examen_C06679.asm
       PULSADOR_RESULTADO   0x00002b    program     static C:\Users\Usuario\Desktop\IF4000_ExamenII_AlissonRodríguezMora_C06670\Examen_C06679.asm
             PULSADOR_UNO   0x00001c    program     static C:\Users\Usuario\Desktop\IF4000_ExamenII_AlissonRodríguezMora_C06670\Examen_C06679.asm
                RESULTADO   0x00007f    program     static C:\Users\Usuario\Desktop\IF4000_ExamenII_AlissonRodríguezMora_C06670\Examen_C06679.asm
                    START   0x000015    program     static C:\Users\Usuario\Desktop\IF4000_ExamenII_AlissonRodríguezMora_C06670\Examen_C06679.asm
                      UNO   0x00003a    program     static C:\Users\Usuario\Desktop\IF4000_ExamenII_AlissonRodríguezMora_C06670\Examen_C06679.asm
                  UNO_NUM   0x00002e    program     static C:\Users\Usuario\Desktop\IF4000_ExamenII_AlissonRodríguezMora_C06670\Examen_C06679.asm
              UNO_SEGUNDO   0x00005a    program     static C:\Users\Usuario\Desktop\IF4000_ExamenII_AlissonRodríguezMora_C06670\Examen_C06679.asm



                              Symbols - Sorted by Address
                     Name    Address   Location    Storage File                     
                ---------  ---------  ---------  --------- ---------                
                   Inicio   0x000000    program     static C:\Users\Usuario\Desktop\IF4000_ExamenII_AlissonRodríguezMora_C06670\Examen_C06679.asm
                    START   0x000015    program     static C:\Users\Usuario\Desktop\IF4000_ExamenII_AlissonRodríguezMora_C06670\Examen_C06679.asm
             PULSADOR_UNO   0x00001c    program     static C:\Users\Usuario\Desktop\IF4000_ExamenII_AlissonRodríguezMora_C06670\Examen_C06679.asm
             PULSADOR_DOS   0x00001f    program     static C:\Users\Usuario\Desktop\IF4000_ExamenII_AlissonRodríguezMora_C06670\Examen_C06679.asm
          PULSADOR_CUATRO   0x000022    program     static C:\Users\Usuario\Desktop\IF4000_ExamenII_AlissonRodríguezMora_C06670\Examen_C06679.asm
            PULSADOR_OCHO   0x000025    program     static C:\Users\Usuario\Desktop\IF4000_ExamenII_AlissonRodríguezMora_C06670\Examen_C06679.asm
       PULSADOR_NUEVO_NUM   0x000028    program     static C:\Users\Usuario\Desktop\IF4000_ExamenII_AlissonRodríguezMora_C06670\Examen_C06679.asm
       PULSADOR_RESULTADO   0x00002b    program     static C:\Users\Usuario\Desktop\IF4000_ExamenII_AlissonRodríguezMora_C06670\Examen_C06679.asm
                  UNO_NUM   0x00002e    program     static C:\Users\Usuario\Desktop\IF4000_ExamenII_AlissonRodríguezMora_C06670\Examen_C06679.asm
                  DOS_NUM   0x000031    program     static C:\Users\Usuario\Desktop\IF4000_ExamenII_AlissonRodríguezMora_C06670\Examen_C06679.asm
               CUATRO_NUM   0x000034    program     static C:\Users\Usuario\Desktop\IF4000_ExamenII_AlissonRodríguezMora_C06670\Examen_C06679.asm
                 OCHO_NUM   0x000037    program     static C:\Users\Usuario\Desktop\IF4000_ExamenII_AlissonRodríguezMora_C06670\Examen_C06679.asm
                      UNO   0x00003a    program     static C:\Users\Usuario\Desktop\IF4000_ExamenII_AlissonRodríguezMora_C06670\Examen_C06679.asm
                      DOS   0x000042    program     static C:\Users\Usuario\Desktop\IF4000_ExamenII_AlissonRodríguezMora_C06670\Examen_C06679.asm
                   CUATRO   0x00004a    program     static C:\Users\Usuario\Desktop\IF4000_ExamenII_AlissonRodríguezMora_C06670\Examen_C06679.asm
                     OCHO   0x000052    program     static C:\Users\Usuario\Desktop\IF4000_ExamenII_AlissonRodríguezMora_C06670\Examen_C06679.asm
              UNO_SEGUNDO   0x00005a    program     static C:\Users\Usuario\Desktop\IF4000_ExamenII_AlissonRodríguezMora_C06670\Examen_C06679.asm
              DOS_SEGUNDO   0x000062    program     static C:\Users\Usuario\Desktop\IF4000_ExamenII_AlissonRodríguezMora_C06670\Examen_C06679.asm
           CUATRO_SEGUNDO   0x00006a    program     static C:\Users\Usuario\Desktop\IF4000_ExamenII_AlissonRodríguezMora_C06670\Examen_C06679.asm
             OCHO_SEGUNDO   0x000072    program     static C:\Users\Usuario\Desktop\IF4000_ExamenII_AlissonRodríguezMora_C06670\Examen_C06679.asm
               NUEVO_SUMA   0x00007a    program     static C:\Users\Usuario\Desktop\IF4000_ExamenII_AlissonRodríguezMora_C06670\Examen_C06679.asm
                RESULTADO   0x00007f    program     static C:\Users\Usuario\Desktop\IF4000_ExamenII_AlissonRodríguezMora_C06670\Examen_C06679.asm


